Using scene: data/scene_datasets/habitat-test-scenes/van-gogh-room.glb
PointNav simple (H100) TINY - 5 ep, 50 steps - Mon Mar 16 17:29:28 EDT 2026
Renderer: NVIDIA H100 80GB HBM3/PCIe/SSE2 by NVIDIA Corporation
OpenGL version: 4.6.0 NVIDIA 560.35.03
Using optional features:
    GL_ARB_vertex_array_object
    GL_ARB_separate_shader_objects
    GL_ARB_robustness
    GL_ARB_texture_storage
    GL_ARB_texture_view
    GL_ARB_framebuffer_no_attachments
    GL_ARB_invalidate_subdata
    GL_ARB_texture_storage_multisample
    GL_ARB_multi_bind
    GL_ARB_direct_state_access
    GL_ARB_get_texture_sub_image
    GL_ARB_texture_filter_anisotropic
    GL_KHR_debug
    GL_KHR_parallel_shader_compile
    GL_NV_depth_buffer_float
Using driver workarounds:
    no-forward-compatible-core-context
    nv-egl-incorrect-gl11-function-pointers
    no-layout-qualifiers-on-old-glsl
    nv-zero-context-profile-mask
    nv-implementation-color-read-format-dsa-broken
    nv-cubemap-inconsistent-compressed-image-size
    nv-cubemap-broken-full-compressed-image-query
    nv-compressed-block-size-in-bits
Episode 1/5 success=0 recent_success=False collisions/ep=14.00 loss=1.0037
Episode 2/5 success=0 recent_success=False collisions/ep=9.00 loss=0.5908
Episode 3/5 success=0 recent_success=False collisions/ep=11.33 loss=0.1571
Episode 4/5 success=0 recent_success=False collisions/ep=10.50 loss=0.4292
Episode 5/5 success=0 recent_success=False collisions/ep=9.60 loss=0.1815
Saved checkpoints/pointnav_vjepa2_simple_tiny/policy_last.pt. Success rate: 0/5 = 0.0% | SPL: 0.000 | Collisions/ep: 9.60
Done - Mon Mar 16 17:32:27 EDT 2026
