Using scene: data/scene_datasets/habitat-test-scenes/van-gogh-room.glb
PointNav simple (H100) TINY 80ep - 80 ep, 50 steps - Mon Mar 16 17:35:40 EDT 2026
Renderer: NVIDIA H100 80GB HBM3/PCIe/SSE2 by NVIDIA Corporation
OpenGL version: 4.6.0 NVIDIA 560.35.03
Using optional features:
    GL_ARB_vertex_array_object
    GL_ARB_separate_shader_objects
    GL_ARB_robustness
    GL_ARB_texture_storage
    GL_ARB_texture_view
    GL_ARB_framebuffer_no_attachments
    GL_ARB_invalidate_subdata
    GL_ARB_texture_storage_multisample
    GL_ARB_multi_bind
    GL_ARB_direct_state_access
    GL_ARB_get_texture_sub_image
    GL_ARB_texture_filter_anisotropic
    GL_KHR_debug
    GL_KHR_parallel_shader_compile
    GL_NV_depth_buffer_float
Using driver workarounds:
    no-forward-compatible-core-context
    nv-egl-incorrect-gl11-function-pointers
    no-layout-qualifiers-on-old-glsl
    nv-zero-context-profile-mask
    nv-implementation-color-read-format-dsa-broken
    nv-cubemap-inconsistent-compressed-image-size
    nv-cubemap-broken-full-compressed-image-query
    nv-compressed-block-size-in-bits
Loading V-JEPA 2 encoder and policy ...
Encoder and policy ready.
Starting training: 80 episodes, max 50 steps/episode
Starting episode 1/80 ...
Starting episode 2/80 ...
Starting episode 3/80 ...
Starting episode 4/80 ...
Starting episode 5/80 ...
Starting episode 6/80 ...
Starting episode 7/80 ...
Starting episode 8/80 ...
Starting episode 9/80 ...
Starting episode 10/80 ...
Episode 10/80 success=0 recent_success=False collisions/ep=7.50 loss=0.6149
Starting episode 11/80 ...
Starting episode 12/80 ...
Starting episode 13/80 ...
Starting episode 14/80 ...
Starting episode 15/80 ...
Starting episode 16/80 ...
Starting episode 17/80 ...
Starting episode 18/80 ...
Starting episode 19/80 ...
Starting episode 20/80 ...
Episode 20/80 success=0 recent_success=False collisions/ep=7.90 loss=0.6849
Starting episode 21/80 ...
Starting episode 22/80 ...
Starting episode 23/80 ...
Starting episode 24/80 ...
Starting episode 25/80 ...
Starting episode 26/80 ...
Starting episode 27/80 ...
Starting episode 28/80 ...
Starting episode 29/80 ...
Starting episode 30/80 ...
Episode 30/80 success=1 recent_success=False collisions/ep=8.67 loss=0.4135
Starting episode 31/80 ...
Starting episode 32/80 ...
Starting episode 33/80 ...
Starting episode 34/80 ...
Starting episode 35/80 ...
Starting episode 36/80 ...
Starting episode 37/80 ...
Starting episode 38/80 ...
Starting episode 39/80 ...
Starting episode 40/80 ...
Episode 40/80 success=2 recent_success=False collisions/ep=8.95 loss=0.8309
Starting episode 41/80 ...
Starting episode 42/80 ...
Starting episode 43/80 ...
Starting episode 44/80 ...
Starting episode 45/80 ...
Starting episode 46/80 ...
Starting episode 47/80 ...
Starting episode 48/80 ...
Starting episode 49/80 ...
Starting episode 50/80 ...
Episode 50/80 success=3 recent_success=False collisions/ep=8.08 loss=0.1399
Starting episode 51/80 ...
Starting episode 52/80 ...
Starting episode 53/80 ...
Starting episode 54/80 ...
Starting episode 55/80 ...
Starting episode 56/80 ...
Starting episode 57/80 ...
Starting episode 58/80 ...
Starting episode 59/80 ...
Starting episode 60/80 ...
Episode 60/80 success=5 recent_success=True collisions/ep=7.78 loss=0.8568
Starting episode 61/80 ...
Starting episode 62/80 ...
Starting episode 63/80 ...
Starting episode 64/80 ...
Starting episode 65/80 ...
Starting episode 66/80 ...
Starting episode 67/80 ...
Starting episode 68/80 ...
Starting episode 69/80 ...
Starting episode 70/80 ...
Episode 70/80 success=5 recent_success=False collisions/ep=7.89 loss=0.0615
Starting episode 71/80 ...
Starting episode 72/80 ...
Starting episode 73/80 ...
Starting episode 74/80 ...
Starting episode 75/80 ...
Starting episode 76/80 ...
Starting episode 77/80 ...
Starting episode 78/80 ...
Starting episode 79/80 ...
Starting episode 80/80 ...
Episode 80/80 success=5 recent_success=False collisions/ep=7.88 loss=0.9385
Saved checkpoints/pointnav_vjepa2_simple_tiny_80ep/policy_last.pt. Success rate: 5/80 = 6.2% | SPL: 0.000 | Collisions/ep: 7.88
Done - Mon Mar 16 17:42:49 EDT 2026
