Using scene: data/scene_datasets/habitat-test-scenes/van-gogh-room.glb
PointNav simple (H100) 8min - 4 ep, 40 steps - Mon Mar 16 17:33:55 EDT 2026
Renderer: NVIDIA H100 80GB HBM3/PCIe/SSE2 by NVIDIA Corporation
OpenGL version: 4.6.0 NVIDIA 560.35.03
Using optional features:
    GL_ARB_vertex_array_object
    GL_ARB_separate_shader_objects
    GL_ARB_robustness
    GL_ARB_texture_storage
    GL_ARB_texture_view
    GL_ARB_framebuffer_no_attachments
    GL_ARB_invalidate_subdata
    GL_ARB_texture_storage_multisample
    GL_ARB_multi_bind
    GL_ARB_direct_state_access
    GL_ARB_get_texture_sub_image
    GL_ARB_texture_filter_anisotropic
    GL_KHR_debug
    GL_KHR_parallel_shader_compile
    GL_NV_depth_buffer_float
Using driver workarounds:
    no-forward-compatible-core-context
    nv-egl-incorrect-gl11-function-pointers
    no-layout-qualifiers-on-old-glsl
    nv-zero-context-profile-mask
    nv-implementation-color-read-format-dsa-broken
    nv-cubemap-inconsistent-compressed-image-size
    nv-cubemap-broken-full-compressed-image-query
    nv-compressed-block-size-in-bits
Loading V-JEPA 2 encoder and policy ...
Encoder and policy ready.
Starting training: 4 episodes, max 40 steps/episode
Starting episode 1/4 ...
Episode 1/4 success=0 recent_success=False collisions/ep=12.00 loss=1.0149
Starting episode 2/4 ...
Episode 2/4 success=0 recent_success=False collisions/ep=7.50 loss=0.5274
Starting episode 3/4 ...
Episode 3/4 success=0 recent_success=False collisions/ep=8.00 loss=0.2324
Starting episode 4/4 ...
Episode 4/4 success=0 recent_success=False collisions/ep=9.25 loss=0.3403
Saved checkpoints/pointnav_vjepa2_simple_8min/policy_last.pt. Success rate: 0/4 = 0.0% | SPL: 0.000 | Collisions/ep: 9.25
Done - Mon Mar 16 17:34:14 EDT 2026
